── Attaching core tidyverse packages ──────────────────────── tidyverse 2.0.0 ──
✔ dplyr     1.1.4     ✔ readr     2.1.5
✔ forcats   1.0.0     ✔ stringr   1.5.1
✔ ggplot2   3.5.2     ✔ tibble    3.2.1
✔ lubridate 1.9.4     ✔ tidyr     1.3.1
✔ purrr     1.0.4     
── Conflicts ────────────────────────────────────────── tidyverse_conflicts() ──
✖ dplyr::filter() masks stats::filter()
✖ dplyr::lag()    masks stats::lag()
ℹ Use the conflicted package (<http://conflicted.r-lib.org/>) to force all conflicts to become errors

Attaching package: ‘gridExtra’

The following object is masked from ‘package:dplyr’:

    combine

This is COMPADRE version X.X.X (release date Nov_22_2017)
See user agreement at https://compadre-db.org/Help/UserAgreement
See how to cite with `citation(Rcompadre)`

[1] "Juvenile"     "Vegetative"   "Reproductive" "Juvenile"    
Warning messages:
1: In max(ids, na.rm = TRUE) :
  no non-missing arguments to max; returning -Inf
2: In max(ids, na.rm = TRUE) :
  no non-missing arguments to max; returning -Inf
3: In max(ids, na.rm = TRUE) :
  no non-missing arguments to max; returning -Inf
4: In max(ids, na.rm = TRUE) :
  no non-missing arguments to max; returning -Inf
5: In max(ids, na.rm = TRUE) :
  no non-missing arguments to max; returning -Inf
6: In max(ids, na.rm = TRUE) :
  no non-missing arguments to max; returning -Inf
7: In max(ids, na.rm = TRUE) :
  no non-missing arguments to max; returning -Inf
8: In max(ids, na.rm = TRUE) :
  no non-missing arguments to max; returning -Inf
9: Removed 8 rows containing missing values or values outside the scale range
(`geom_rect()`). 
