── Attaching core tidyverse packages ──────────────────────── tidyverse 2.0.0 ──
✔ dplyr     1.1.4     ✔ readr     2.1.5
✔ forcats   1.0.0     ✔ stringr   1.5.1
✔ ggplot2   3.5.2     ✔ tibble    3.2.1
✔ lubridate 1.9.4     ✔ tidyr     1.3.1
✔ purrr     1.0.4     
── Conflicts ────────────────────────────────────────── tidyverse_conflicts() ──
✖ dplyr::filter() masks stats::filter()
✖ dplyr::lag()    masks stats::lag()
ℹ Use the conflicted package (<http://conflicted.r-lib.org/>) to force all conflicts to become errors
Welcome to popdemo! This is version 1.3-2
Use ?popdemo for an intro, or browseVignettes('popdemo') for vignettes
Citation for popdemo is here: doi.org/10.1111/j.2041-210X.2012.00222.x
Development and legacy versions are here: github.com/iainmstott/popdemo
This is COMPADRE version X.X.X (release date Nov_22_2017)
See user agreement at https://compadre-db.org/Help/UserAgreement
See how to cite with `citation(Rcompadre)`

[1] 30
[1] 75
[1] 29
# A tibble: 30 × 2
   SpeciesAuthor                  n
   <chr>                      <int>
 1 Eryngium_alpinum               7
 2 Dracocephalum_austriacum_2     6
 3 Orchis_purpurea                6
 4 Trollius_laxus_2               5
 5 Pediocactus_bradyi             4
 6 Saponaria_bellidifolia         4
 7 Trillium_persistens            4
 8 Astragalus_scaphoides_2        3
 9 Cirsium_pitcheri_4             3
10 Liatris_scariosa               3
# ℹ 20 more rows
Joining with `by = join_by(id)`
Joining with `by = join_by(id)`
Warning message:
Removed 1 row containing missing values or values outside the scale range
(`geom_line()`). 
