── Attaching core tidyverse packages ──────────────────────── tidyverse 2.0.0 ──
✔ dplyr     1.1.4     ✔ readr     2.1.5
✔ forcats   1.0.0     ✔ stringr   1.5.1
✔ ggplot2   3.5.2     ✔ tibble    3.2.1
✔ lubridate 1.9.4     ✔ tidyr     1.3.1
✔ purrr     1.0.4     
── Conflicts ────────────────────────────────────────── tidyverse_conflicts() ──
✖ dplyr::filter() masks stats::filter()
✖ dplyr::lag()    masks stats::lag()
ℹ Use the conflicted package (<http://conflicted.r-lib.org/>) to force all conflicts to become errors
Welcome to popdemo! This is version 1.3-2
Use ?popdemo for an intro, or browseVignettes('popdemo') for vignettes
Citation for popdemo is here: doi.org/10.1111/j.2041-210X.2012.00222.x
Development and legacy versions are here: github.com/iainmstott/popdemo
This is COMPADRE version X.X.X (release date Nov_22_2017)
See user agreement at https://compadre-db.org/Help/UserAgreement
See how to cite with `citation(Rcompadre)`


   0    1    2    3    4    5    6    7    8    9   10   11   12   15   36 
4268 1223  687  295  125   54   36   22   11    6    7    2    1    1    1 

   0    1    2    3    4    5    6    7    8    9   10   11   12   15   36 
1868  380  169   64   27   16   13   10    3    1    2    2    1    1    1 

  0   1   2   3   4   5   6   7   8  11  12  15  36 
637 101  51  17   9   7   5   3   1   1   1   1   1 
[1] 0.3666716
[1] 0.269742
[1] 0.2371257
[1] 0.1851907
[1] 0.1211884
[1] 0.1161677
[1] 0.701847


Warning messages:
1: There were 27 warnings in `mutate()`.
The first warning was:
ℹ In argument: `perennial = map2_lgl(matU, start, ~mpm_to_lx(.x, .y, xmax =
  3)[4] > 0)`.
Caused by warning:
! Argument matU has at least one stage-specific survival.
 probability > 1
ℹ Run `dplyr::last_dplyr_warnings()` to see the 26 remaining warnings. 
2: There were 27 warnings in `mutate()`.
The first warning was:
ℹ In argument: `rep_prop1 = pmap(list(matU, start, rep_stages),
  repro_prop_start)`.
Caused by warning:
! Argument matU has at least one stage-specific survival.
 probability > 1
ℹ Run `dplyr::last_dplyr_warnings()` to see the 26 remaining warnings. 
3: There were 27 warnings in `mutate()`.
The first warning was:
ℹ In argument: `lx = map2(matU, rep_prop1, lx_from_mature)`.
Caused by warning:
! Argument matU has at least one stage-specific survival.
 probability > 1
ℹ Run `dplyr::last_dplyr_warnings()` to see the 26 remaining warnings. 
4: There were 10 warnings in `mutate()`.
The first warning was:
ℹ In argument: `q = map2_int(matU, rep_prop1, ~qsd_safe(.x, .y))`.
Caused by warning in `popdemo::eigs()`:
! More than one eigenvalues have equal absolute magnitude
ℹ Run `dplyr::last_dplyr_warnings()` to see the 9 remaining warnings. 

  1   2   3   4   5   6   7   8   9  10  11  12  13  14  15  16  17  18  19  20 
114  21  27  31  33  32  32  20  23  11  17  17  11   9  10   8   7   6   5   1 
[1] 0.4199067
[1] 0.6671851
