── Attaching core tidyverse packages ──────────────────────── tidyverse 2.0.0 ──
✔ dplyr     1.1.4     ✔ readr     2.1.5
✔ forcats   1.0.0     ✔ stringr   1.5.1
✔ ggplot2   3.5.2     ✔ tibble    3.2.1
✔ lubridate 1.9.4     ✔ tidyr     1.3.1
✔ purrr     1.0.4     
── Conflicts ────────────────────────────────────────── tidyverse_conflicts() ──
✖ dplyr::filter() masks stats::filter()
✖ dplyr::lag()    masks stats::lag()
ℹ Use the conflicted package (<http://conflicted.r-lib.org/>) to force all conflicts to become errors

Attaching package: ‘cowplot’

The following object is masked from ‘package:lubridate’:

    stamp


Attaching package: ‘gridExtra’

The following object is masked from ‘package:dplyr’:

    combine

Loading required package: StanHeaders

rstan version 2.32.7 (Stan version 2.32.2)

For execution on a local, multicore CPU with excess RAM we recommend calling
options(mc.cores = parallel::detectCores()).
To avoid recompilation of unchanged Stan programs, we recommend calling
rstan_options(auto_write = TRUE)
For within-chain threading using `reduce_sum()` or `map_rect()` Stan functions,
change `threads_per_chain` option:
rstan_options(threads_per_chain = 1)


Attaching package: ‘rstan’

The following object is masked from ‘package:tidyr’:

    extract

This is loo version 2.8.0
- Online documentation and vignettes at mc-stan.org/loo
- As of v2.0.0 loo defaults to 1 core but we recommend using as many as possible. Use the 'cores' argument or set options(mc.cores = NUM_CORES) for an entire session. 

Attaching package: ‘loo’

The following object is masked from ‘package:rstan’:

    loo


Attaching package: ‘patchwork’

The following object is masked from ‘package:cowplot’:

    align_plots

This is COMPADRE version X.X.X (release date Nov_22_2017)
See user agreement at https://compadre-db.org/Help/UserAgreement
See how to cite with `citation(Rcompadre)`

`summarise()` has grouped output by 'SpeciesAuthor'. You can override using the
`.groups` argument.
Rows: 396 Columns: 9
── Column specification ────────────────────────────────────────────────────────
Delimiter: ","
chr (2): SpeciesAuthor, MatrixPopulation
dbl (7): Year, Month, Lon, Lat, n_year, tmp, ppt

ℹ Use `spec()` to retrieve the full column specification for this data.
ℹ Specify the column types or set `show_col_types = FALSE` to quiet this message.
`geom_smooth()` using formula = 'y ~ x'

SAMPLING FOR MODEL 'anon_model' NOW (CHAIN 1).
Chain 1: 
Chain 1: Gradient evaluation took 1.1e-05 seconds
Chain 1: 1000 transitions using 10 leapfrog steps per transition would take 0.11 seconds.
Chain 1: Adjust your expectations accordingly!
Chain 1: 
Chain 1: 
Chain 1: Iteration:    1 / 5000 [  0%]  (Warmup)
Chain 1: Iteration:  500 / 5000 [ 10%]  (Warmup)
Chain 1: Iteration: 1000 / 5000 [ 20%]  (Warmup)
Chain 1: Iteration: 1500 / 5000 [ 30%]  (Warmup)
Chain 1: Iteration: 2000 / 5000 [ 40%]  (Warmup)
Chain 1: Iteration: 2001 / 5000 [ 40%]  (Sampling)
Chain 1: Iteration: 2500 / 5000 [ 50%]  (Sampling)
Chain 1: Iteration: 3000 / 5000 [ 60%]  (Sampling)
Chain 1: Iteration: 3500 / 5000 [ 70%]  (Sampling)
Chain 1: Iteration: 4000 / 5000 [ 80%]  (Sampling)
Chain 1: Iteration: 4500 / 5000 [ 90%]  (Sampling)
Chain 1: Iteration: 5000 / 5000 [100%]  (Sampling)
Chain 1: 
Chain 1:  Elapsed Time: 0.018 seconds (Warm-up)
Chain 1:                0.024 seconds (Sampling)
Chain 1:                0.042 seconds (Total)
Chain 1: 

SAMPLING FOR MODEL 'anon_model' NOW (CHAIN 2).
Chain 2: 
Chain 2: Gradient evaluation took 1e-06 seconds
Chain 2: 1000 transitions using 10 leapfrog steps per transition would take 0.01 seconds.
Chain 2: Adjust your expectations accordingly!
Chain 2: 
Chain 2: 
Chain 2: Iteration:    1 / 5000 [  0%]  (Warmup)
Chain 2: Iteration:  500 / 5000 [ 10%]  (Warmup)
Chain 2: Iteration: 1000 / 5000 [ 20%]  (Warmup)
Chain 2: Iteration: 1500 / 5000 [ 30%]  (Warmup)
Chain 2: Iteration: 2000 / 5000 [ 40%]  (Warmup)
Chain 2: Iteration: 2001 / 5000 [ 40%]  (Sampling)
Chain 2: Iteration: 2500 / 5000 [ 50%]  (Sampling)
Chain 2: Iteration: 3000 / 5000 [ 60%]  (Sampling)
Chain 2: Iteration: 3500 / 5000 [ 70%]  (Sampling)
Chain 2: Iteration: 4000 / 5000 [ 80%]  (Sampling)
Chain 2: Iteration: 4500 / 5000 [ 90%]  (Sampling)
Chain 2: Iteration: 5000 / 5000 [100%]  (Sampling)
Chain 2: 
Chain 2:  Elapsed Time: 0.017 seconds (Warm-up)
Chain 2:                0.025 seconds (Sampling)
Chain 2:                0.042 seconds (Total)
Chain 2: 

SAMPLING FOR MODEL 'anon_model' NOW (CHAIN 1).
Chain 1: 
Chain 1: Gradient evaluation took 2.3e-05 seconds
Chain 1: 1000 transitions using 10 leapfrog steps per transition would take 0.23 seconds.
Chain 1: Adjust your expectations accordingly!
Chain 1: 
Chain 1: 
Chain 1: Iteration:    1 / 5000 [  0%]  (Warmup)
Chain 1: Iteration:  500 / 5000 [ 10%]  (Warmup)
Chain 1: Iteration: 1000 / 5000 [ 20%]  (Warmup)
Chain 1: Iteration: 1500 / 5000 [ 30%]  (Warmup)
Chain 1: Iteration: 2000 / 5000 [ 40%]  (Warmup)
Chain 1: Iteration: 2001 / 5000 [ 40%]  (Sampling)
Chain 1: Iteration: 2500 / 5000 [ 50%]  (Sampling)
Chain 1: Iteration: 3000 / 5000 [ 60%]  (Sampling)
Chain 1: Iteration: 3500 / 5000 [ 70%]  (Sampling)
Chain 1: Iteration: 4000 / 5000 [ 80%]  (Sampling)
Chain 1: Iteration: 4500 / 5000 [ 90%]  (Sampling)
Chain 1: Iteration: 5000 / 5000 [100%]  (Sampling)
Chain 1: 
Chain 1:  Elapsed Time: 0.141 seconds (Warm-up)
Chain 1:                0.191 seconds (Sampling)
Chain 1:                0.332 seconds (Total)
Chain 1: 

SAMPLING FOR MODEL 'anon_model' NOW (CHAIN 2).
Chain 2: 
Chain 2: Gradient evaluation took 2e-06 seconds
Chain 2: 1000 transitions using 10 leapfrog steps per transition would take 0.02 seconds.
Chain 2: Adjust your expectations accordingly!
Chain 2: 
Chain 2: 
Chain 2: Iteration:    1 / 5000 [  0%]  (Warmup)
Chain 2: Iteration:  500 / 5000 [ 10%]  (Warmup)
Chain 2: Iteration: 1000 / 5000 [ 20%]  (Warmup)
Chain 2: Iteration: 1500 / 5000 [ 30%]  (Warmup)
Chain 2: Iteration: 2000 / 5000 [ 40%]  (Warmup)
Chain 2: Iteration: 2001 / 5000 [ 40%]  (Sampling)
Chain 2: Iteration: 2500 / 5000 [ 50%]  (Sampling)
Chain 2: Iteration: 3000 / 5000 [ 60%]  (Sampling)
Chain 2: Iteration: 3500 / 5000 [ 70%]  (Sampling)
Chain 2: Iteration: 4000 / 5000 [ 80%]  (Sampling)
Chain 2: Iteration: 4500 / 5000 [ 90%]  (Sampling)
Chain 2: Iteration: 5000 / 5000 [100%]  (Sampling)
Chain 2: 
Chain 2:  Elapsed Time: 0.146 seconds (Warm-up)
Chain 2:                0.185 seconds (Sampling)
Chain 2:                0.331 seconds (Total)
Chain 2: 
[1] 1.148691
[1] 1.216439
[1] 0.05897899
[1] 1.14286
Warning message:
Removed 12 rows containing missing values or values outside the scale range
(`geom_segment()`). 

SAMPLING FOR MODEL 'anon_model' NOW (CHAIN 1).
Chain 1: 
Chain 1: Gradient evaluation took 3e-06 seconds
Chain 1: 1000 transitions using 10 leapfrog steps per transition would take 0.03 seconds.
Chain 1: Adjust your expectations accordingly!
Chain 1: 
Chain 1: 
Chain 1: Iteration:    1 / 3000 [  0%]  (Warmup)
Chain 1: Iteration:  300 / 3000 [ 10%]  (Warmup)
Chain 1: Iteration:  600 / 3000 [ 20%]  (Warmup)
Chain 1: Iteration:  900 / 3000 [ 30%]  (Warmup)
Chain 1: Iteration: 1200 / 3000 [ 40%]  (Warmup)
Chain 1: Iteration: 1500 / 3000 [ 50%]  (Warmup)
Chain 1: Iteration: 1800 / 3000 [ 60%]  (Warmup)
Chain 1: Iteration: 2001 / 3000 [ 66%]  (Sampling)
Chain 1: Iteration: 2300 / 3000 [ 76%]  (Sampling)
Chain 1: Iteration: 2600 / 3000 [ 86%]  (Sampling)
Chain 1: Iteration: 2900 / 3000 [ 96%]  (Sampling)
Chain 1: Iteration: 3000 / 3000 [100%]  (Sampling)
Chain 1: 
Chain 1:  Elapsed Time: 0.011 seconds (Warm-up)
Chain 1:                0.005 seconds (Sampling)
Chain 1:                0.016 seconds (Total)
Chain 1: 

SAMPLING FOR MODEL 'anon_model' NOW (CHAIN 2).
Chain 2: 
Chain 2: Gradient evaluation took 2e-06 seconds
Chain 2: 1000 transitions using 10 leapfrog steps per transition would take 0.02 seconds.
Chain 2: Adjust your expectations accordingly!
Chain 2: 
Chain 2: 
Chain 2: Iteration:    1 / 3000 [  0%]  (Warmup)
Chain 2: Iteration:  300 / 3000 [ 10%]  (Warmup)
Chain 2: Iteration:  600 / 3000 [ 20%]  (Warmup)
Chain 2: Iteration:  900 / 3000 [ 30%]  (Warmup)
Chain 2: Iteration: 1200 / 3000 [ 40%]  (Warmup)
Chain 2: Iteration: 1500 / 3000 [ 50%]  (Warmup)
Chain 2: Iteration: 1800 / 3000 [ 60%]  (Warmup)
Chain 2: Iteration: 2001 / 3000 [ 66%]  (Sampling)
Chain 2: Iteration: 2300 / 3000 [ 76%]  (Sampling)
Chain 2: Iteration: 2600 / 3000 [ 86%]  (Sampling)
Chain 2: Iteration: 2900 / 3000 [ 96%]  (Sampling)
Chain 2: Iteration: 3000 / 3000 [100%]  (Sampling)
Chain 2: 
Chain 2:  Elapsed Time: 0.011 seconds (Warm-up)
Chain 2:                0.006 seconds (Sampling)
Chain 2:                0.017 seconds (Total)
Chain 2: 

SAMPLING FOR MODEL 'anon_model' NOW (CHAIN 1).
Chain 1: 
Chain 1: Gradient evaluation took 2.5e-05 seconds
Chain 1: 1000 transitions using 10 leapfrog steps per transition would take 0.25 seconds.
Chain 1: Adjust your expectations accordingly!
Chain 1: 
Chain 1: 
Chain 1: Iteration:    1 / 3000 [  0%]  (Warmup)
Chain 1: Iteration:  300 / 3000 [ 10%]  (Warmup)
Chain 1: Iteration:  600 / 3000 [ 20%]  (Warmup)
Chain 1: Iteration:  900 / 3000 [ 30%]  (Warmup)
Chain 1: Iteration: 1200 / 3000 [ 40%]  (Warmup)
Chain 1: Iteration: 1500 / 3000 [ 50%]  (Warmup)
Chain 1: Iteration: 1800 / 3000 [ 60%]  (Warmup)
Chain 1: Iteration: 2001 / 3000 [ 66%]  (Sampling)
Chain 1: Iteration: 2300 / 3000 [ 76%]  (Sampling)
Chain 1: Iteration: 2600 / 3000 [ 86%]  (Sampling)
Chain 1: Iteration: 2900 / 3000 [ 96%]  (Sampling)
Chain 1: Iteration: 3000 / 3000 [100%]  (Sampling)
Chain 1: 
Chain 1:  Elapsed Time: 0.112 seconds (Warm-up)
Chain 1:                0.055 seconds (Sampling)
Chain 1:                0.167 seconds (Total)
Chain 1: 

SAMPLING FOR MODEL 'anon_model' NOW (CHAIN 2).
Chain 2: 
Chain 2: Gradient evaluation took 2e-06 seconds
Chain 2: 1000 transitions using 10 leapfrog steps per transition would take 0.02 seconds.
Chain 2: Adjust your expectations accordingly!
Chain 2: 
Chain 2: 
Chain 2: Iteration:    1 / 3000 [  0%]  (Warmup)
Chain 2: Iteration:  300 / 3000 [ 10%]  (Warmup)
Chain 2: Iteration:  600 / 3000 [ 20%]  (Warmup)
Chain 2: Iteration:  900 / 3000 [ 30%]  (Warmup)
Chain 2: Iteration: 1200 / 3000 [ 40%]  (Warmup)
Chain 2: Iteration: 1500 / 3000 [ 50%]  (Warmup)
Chain 2: Iteration: 1800 / 3000 [ 60%]  (Warmup)
Chain 2: Iteration: 2001 / 3000 [ 66%]  (Sampling)
Chain 2: Iteration: 2300 / 3000 [ 76%]  (Sampling)
Chain 2: Iteration: 2600 / 3000 [ 86%]  (Sampling)
Chain 2: Iteration: 2900 / 3000 [ 96%]  (Sampling)
Chain 2: Iteration: 3000 / 3000 [100%]  (Sampling)
Chain 2: 
Chain 2:  Elapsed Time: 0.104 seconds (Warm-up)
Chain 2:                0.064 seconds (Sampling)
Chain 2:                0.168 seconds (Total)
Chain 2: 

SAMPLING FOR MODEL 'anon_model' NOW (CHAIN 1).
Chain 1: 
Chain 1: Gradient evaluation took 7.6e-05 seconds
Chain 1: 1000 transitions using 10 leapfrog steps per transition would take 0.76 seconds.
Chain 1: Adjust your expectations accordingly!
Chain 1: 
Chain 1: 
Chain 1: Iteration:    1 / 3000 [  0%]  (Warmup)
Chain 1: Iteration:  300 / 3000 [ 10%]  (Warmup)
Chain 1: Iteration:  600 / 3000 [ 20%]  (Warmup)
Chain 1: Iteration:  900 / 3000 [ 30%]  (Warmup)
Chain 1: Iteration: 1200 / 3000 [ 40%]  (Warmup)
Chain 1: Iteration: 1500 / 3000 [ 50%]  (Warmup)
Chain 1: Iteration: 1800 / 3000 [ 60%]  (Warmup)
Chain 1: Iteration: 2001 / 3000 [ 66%]  (Sampling)
Chain 1: Iteration: 2300 / 3000 [ 76%]  (Sampling)
Chain 1: Iteration: 2600 / 3000 [ 86%]  (Sampling)
Chain 1: Iteration: 2900 / 3000 [ 96%]  (Sampling)
Chain 1: Iteration: 3000 / 3000 [100%]  (Sampling)
Chain 1: 
Chain 1:  Elapsed Time: 5.44 seconds (Warm-up)
Chain 1:                3.137 seconds (Sampling)
Chain 1:                8.577 seconds (Total)
Chain 1: 

SAMPLING FOR MODEL 'anon_model' NOW (CHAIN 2).
Chain 2: 
Chain 2: Gradient evaluation took 1.5e-05 seconds
Chain 2: 1000 transitions using 10 leapfrog steps per transition would take 0.15 seconds.
Chain 2: Adjust your expectations accordingly!
Chain 2: 
Chain 2: 
Chain 2: Iteration:    1 / 3000 [  0%]  (Warmup)
Chain 2: Iteration:  300 / 3000 [ 10%]  (Warmup)
Chain 2: Iteration:  600 / 3000 [ 20%]  (Warmup)
Chain 2: Iteration:  900 / 3000 [ 30%]  (Warmup)
Chain 2: Iteration: 1200 / 3000 [ 40%]  (Warmup)
Chain 2: Iteration: 1500 / 3000 [ 50%]  (Warmup)
Chain 2: Iteration: 1800 / 3000 [ 60%]  (Warmup)
Chain 2: Iteration: 2001 / 3000 [ 66%]  (Sampling)
Chain 2: Iteration: 2300 / 3000 [ 76%]  (Sampling)
Chain 2: Iteration: 2600 / 3000 [ 86%]  (Sampling)
Chain 2: Iteration: 2900 / 3000 [ 96%]  (Sampling)
Chain 2: Iteration: 3000 / 3000 [100%]  (Sampling)
Chain 2: 
Chain 2:  Elapsed Time: 8.848 seconds (Warm-up)
Chain 2:                1.618 seconds (Sampling)
Chain 2:                10.466 seconds (Total)
Chain 2: 
Warning message:
Bulk Effective Samples Size (ESS) is too low, indicating posterior means and medians may be unreliable.
Running the chains for more iterations may help. See
https://mc-stan.org/misc/warnings.html#bulk-ess 

SAMPLING FOR MODEL 'anon_model' NOW (CHAIN 1).
Chain 1: 
Chain 1: Gradient evaluation took 0.000104 seconds
Chain 1: 1000 transitions using 10 leapfrog steps per transition would take 1.04 seconds.
Chain 1: Adjust your expectations accordingly!
Chain 1: 
Chain 1: 
Chain 1: Iteration:    1 / 3000 [  0%]  (Warmup)
Chain 1: Iteration:  300 / 3000 [ 10%]  (Warmup)
Chain 1: Iteration:  600 / 3000 [ 20%]  (Warmup)
Chain 1: Iteration:  900 / 3000 [ 30%]  (Warmup)
Chain 1: Iteration: 1200 / 3000 [ 40%]  (Warmup)
Chain 1: Iteration: 1500 / 3000 [ 50%]  (Warmup)
Chain 1: Iteration: 1800 / 3000 [ 60%]  (Warmup)
Chain 1: Iteration: 2001 / 3000 [ 66%]  (Sampling)
Chain 1: Iteration: 2300 / 3000 [ 76%]  (Sampling)
Chain 1: Iteration: 2600 / 3000 [ 86%]  (Sampling)
Chain 1: Iteration: 2900 / 3000 [ 96%]  (Sampling)
Chain 1: Iteration: 3000 / 3000 [100%]  (Sampling)
Chain 1: 
Chain 1:  Elapsed Time: 12.713 seconds (Warm-up)
Chain 1:                11.018 seconds (Sampling)
Chain 1:                23.731 seconds (Total)
Chain 1: 

SAMPLING FOR MODEL 'anon_model' NOW (CHAIN 2).
Chain 2: 
Chain 2: Gradient evaluation took 1.8e-05 seconds
Chain 2: 1000 transitions using 10 leapfrog steps per transition would take 0.18 seconds.
Chain 2: Adjust your expectations accordingly!
Chain 2: 
Chain 2: 
Chain 2: Iteration:    1 / 3000 [  0%]  (Warmup)
Chain 2: Iteration:  300 / 3000 [ 10%]  (Warmup)
Chain 2: Iteration:  600 / 3000 [ 20%]  (Warmup)
Chain 2: Iteration:  900 / 3000 [ 30%]  (Warmup)
Chain 2: Iteration: 1200 / 3000 [ 40%]  (Warmup)
Chain 2: Iteration: 1500 / 3000 [ 50%]  (Warmup)
Chain 2: Iteration: 1800 / 3000 [ 60%]  (Warmup)
Chain 2: Iteration: 2001 / 3000 [ 66%]  (Sampling)
Chain 2: Iteration: 2300 / 3000 [ 76%]  (Sampling)
Chain 2: Iteration: 2600 / 3000 [ 86%]  (Sampling)
Chain 2: Iteration: 2900 / 3000 [ 96%]  (Sampling)
Chain 2: Iteration: 3000 / 3000 [100%]  (Sampling)
Chain 2: 
Chain 2:  Elapsed Time: 11.131 seconds (Warm-up)
Chain 2:                5.784 seconds (Sampling)
Chain 2:                16.915 seconds (Total)
Chain 2: 

SAMPLING FOR MODEL 'anon_model' NOW (CHAIN 1).
Chain 1: 
Chain 1: Gradient evaluation took 2.3e-05 seconds
Chain 1: 1000 transitions using 10 leapfrog steps per transition would take 0.23 seconds.
Chain 1: Adjust your expectations accordingly!
Chain 1: 
Chain 1: 
Chain 1: Iteration:    1 / 3000 [  0%]  (Warmup)
Chain 1: Iteration:  300 / 3000 [ 10%]  (Warmup)
Chain 1: Iteration:  600 / 3000 [ 20%]  (Warmup)
Chain 1: Iteration:  900 / 3000 [ 30%]  (Warmup)
Chain 1: Iteration: 1200 / 3000 [ 40%]  (Warmup)
Chain 1: Iteration: 1500 / 3000 [ 50%]  (Warmup)
Chain 1: Iteration: 1800 / 3000 [ 60%]  (Warmup)
Chain 1: Iteration: 2001 / 3000 [ 66%]  (Sampling)
Chain 1: Iteration: 2300 / 3000 [ 76%]  (Sampling)
Chain 1: Iteration: 2600 / 3000 [ 86%]  (Sampling)
Chain 1: Iteration: 2900 / 3000 [ 96%]  (Sampling)
Chain 1: Iteration: 3000 / 3000 [100%]  (Sampling)
Chain 1: 
Chain 1:  Elapsed Time: 12.787 seconds (Warm-up)
Chain 1:                11.002 seconds (Sampling)
Chain 1:                23.789 seconds (Total)
Chain 1: 

SAMPLING FOR MODEL 'anon_model' NOW (CHAIN 2).
Chain 2: 
Chain 2: Gradient evaluation took 1.8e-05 seconds
Chain 2: 1000 transitions using 10 leapfrog steps per transition would take 0.18 seconds.
Chain 2: Adjust your expectations accordingly!
Chain 2: 
Chain 2: 
Chain 2: Iteration:    1 / 3000 [  0%]  (Warmup)
Chain 2: Iteration:  300 / 3000 [ 10%]  (Warmup)
Chain 2: Iteration:  600 / 3000 [ 20%]  (Warmup)
Chain 2: Iteration:  900 / 3000 [ 30%]  (Warmup)
Chain 2: Iteration: 1200 / 3000 [ 40%]  (Warmup)
Chain 2: Iteration: 1500 / 3000 [ 50%]  (Warmup)
Chain 2: Iteration: 1800 / 3000 [ 60%]  (Warmup)
Chain 2: Iteration: 2001 / 3000 [ 66%]  (Sampling)
Chain 2: Iteration: 2300 / 3000 [ 76%]  (Sampling)
Chain 2: Iteration: 2600 / 3000 [ 86%]  (Sampling)
Chain 2: Iteration: 2900 / 3000 [ 96%]  (Sampling)
Chain 2: Iteration: 3000 / 3000 [100%]  (Sampling)
Chain 2: 
Chain 2:  Elapsed Time: 11.179 seconds (Warm-up)
Chain 2:                5.87 seconds (Sampling)
Chain 2:                17.049 seconds (Total)
Chain 2: 
Warning messages:
1: There were 2 divergent transitions after warmup. See
https://mc-stan.org/misc/warnings.html#divergent-transitions-after-warmup
to find out why this is a problem and how to eliminate them. 
2: Examine the pairs() plot to diagnose sampling problems
 
3: Bulk Effective Samples Size (ESS) is too low, indicating posterior means and medians may be unreliable.
Running the chains for more iterations may help. See
https://mc-stan.org/misc/warnings.html#bulk-ess 
4: There were 2 divergent transitions after warmup. See
https://mc-stan.org/misc/warnings.html#divergent-transitions-after-warmup
to find out why this is a problem and how to eliminate them. 
5: Examine the pairs() plot to diagnose sampling problems
 
6: Bulk Effective Samples Size (ESS) is too low, indicating posterior means and medians may be unreliable.
Running the chains for more iterations may help. See
https://mc-stan.org/misc/warnings.html#bulk-ess 
              model rhat_high n_eff_low mcse_high n_diverg  elpd_loo
1              null         0         0         0        0 -24.95865
2       moving-beta         0         0         0        0 -19.25726
3        null (err)         0         0         0        0 -31.12546
4 moving-beta (err)         0         0         0        2 -32.56725
  elpd_loo_se elpd_waic elpd_waic_se
1    1.724896 -24.92901    1.7115027
2    1.078690 -18.57500    0.9608281
3    2.344710 -29.37969    2.2009151
4    2.776727 -29.80063    2.2957159
Warning message:
Removed 12 rows containing missing values or values outside the scale range
(`geom_segment()`). 
