── Attaching core tidyverse packages ──────────────────────── tidyverse 2.0.0 ──
✔ dplyr     1.1.4     ✔ readr     2.1.5
✔ forcats   1.0.0     ✔ stringr   1.5.1
✔ lubridate 1.9.4     ✔ tibble    3.2.1
✔ purrr     1.0.4     ✔ tidyr     1.3.1
── Conflicts ────────────────────────────────────────── tidyverse_conflicts() ──
✖ dplyr::combine() masks gridExtra::combine()
✖ dplyr::filter()  masks stats::filter()
✖ dplyr::lag()     masks stats::lag()
ℹ Use the conflicted package (<http://conflicted.r-lib.org/>) to force all conflicts to become errors
This is COMPADRE version X.X.X (release date Nov_22_2017)
See user agreement at https://compadre-db.org/Help/UserAgreement
See how to cite with `citation(Rcompadre)`

[1] 2 3 1 1
[[1]]
     [,1]  [,2]  [,3]  [,4]
[1,] 0.00 0.000 0.000 0.172
[2,] 0.59 0.773 0.000 0.000
[3,] 0.00 0.008 0.353 0.216
[4,] 0.00 0.000 0.311 0.768

[[2]]
      [,1]  [,2]  [,3]  [,4]
[1,] 0.000 0.000 0.000 0.187
[2,] 0.877 0.834 0.000 0.000
[3,] 0.000 0.088 0.677 0.268
[4,] 0.000 0.000 0.212 0.722

[[3]]
      [,1]  [,2]  [,3]  [,4]
[1,] 0.000 0.000 0.000 0.183
[2,] 0.742 0.841 0.000 0.000
[3,] 0.000 0.028 0.601 0.316
[4,] 0.000 0.000 0.343 0.636

[1] 0.96
[1] 1.31
[1] 7.84
[1] 0.90 0.98 0.96
[1] 1.17 1.29 1.18
[1]  3.74 13.16  8.19
     [,1] [,2]
[1,] 0.00 0.97
[2,] 0.69 0.26
     [,1] [,2]
[1,] 0.00 1.00
[2,] 0.75 0.36
     [,1] [,2]
[1,] 0.00 0.88
[2,] 0.62 0.29
     [,1] [,2]
[1,] 0.00 1.04
[2,] 0.69 0.13
[1] 0.96
[1] 1.37
[1] 1.93
[[1]]
     [,1] [,2] [,3] [,4]
[1,] 0.00 0.00 0.00 0.17
[2,] 0.59 0.77 0.00 0.00
[3,] 0.00 0.01 0.35 0.22
[4,] 0.00 0.00 0.31 0.77

[[2]]
     [,1] [,2] [,3] [,4]
[1,] 0.00 0.00 0.00 0.19
[2,] 0.88 0.83 0.00 0.00
[3,] 0.00 0.09 0.68 0.27
[4,] 0.00 0.00 0.21 0.72

[[3]]
     [,1] [,2] [,3] [,4]
[1,] 0.00 0.00 0.00 0.18
[2,] 0.74 0.84 0.00 0.00
[3,] 0.00 0.03 0.60 0.32
[4,] 0.00 0.00 0.34 0.64

[[1]]
     [,1] [,2] [,3] [,4]
[1,] 0.00 0.00 0.00 0.17
[2,] 0.59 0.77 0.00 0.00
[3,] 0.00 0.01 0.35 0.22
[4,] 0.00 0.00 0.31 0.77

[[2]]
     [,1] [,2] [,3] [,4]
[1,] 0.00 0.00 0.00 0.19
[2,] 0.88 0.83 0.00 0.00
[3,] 0.00 0.09 0.68 0.27
[4,] 0.00 0.00 0.21 0.72

[[3]]
     [,1] [,2] [,3] [,4]
[1,] 0.00 0.00 0.00 0.18
[2,] 0.74 0.84 0.00 0.00
[3,] 0.00 0.03 0.60 0.32
[4,] 0.00 0.00 0.34 0.64

[[1]]
     [,1] [,2] [,3] [,4]
[1,] 0.00 0.00 0.00 0.17
[2,] 0.59 0.77 0.00 0.00
[3,] 0.00 0.01 0.35 0.22
[4,] 0.00 0.00 0.31 0.77

[[2]]
     [,1] [,2] [,3] [,4]
[1,] 0.00 0.00 0.00 0.19
[2,] 0.88 0.83 0.00 0.00
[3,] 0.00 0.09 0.68 0.27
[4,] 0.00 0.00 0.21 0.72

[[3]]
     [,1] [,2] [,3] [,4]
[1,] 0.00 0.00 0.00 0.18
[2,] 0.74 0.84 0.00 0.00
[3,] 0.00 0.03 0.60 0.32
[4,] 0.00 0.00 0.34 0.64

[[1]]
     [,1] [,2]
[1,] 0.00 0.91
[2,] 0.62 0.37

[[2]]
     [,1] [,2]
[1,] 0.00 0.92
[2,] 0.76 0.24

[[3]]
     [,1] [,2]
[1,] 0.00 0.93
[2,] 0.61 0.26

[1] 0.96 0.97 0.90
[1] 1.61 1.34 1.42
[1] 1.98 2.00 1.83
[1] "Trollius_laxus_2"
[1] 0.6428571
       U1   U2   U3   U4  U5
[1,] 0.00 0.00 0.00 0.00 0.0
[2,] 0.64 0.71 0.20 0.04 0.0
[3,] 0.00 0.23 0.61 0.21 0.0
[4,] 0.00 0.02 0.18 0.43 0.1
[5,] 0.00 0.00 0.00 0.30 0.9
  U1   U2   U3   U4   U5 
0.36 0.05 0.01 0.01 0.01 
[1] 29.35756
     50%     2.5%    97.5% 
24.85839 12.66418 77.50025 
Warning message:
Removed 3 rows containing non-finite outside the scale range
(`stat_density()`). 
Warning message:
Removed 3 rows containing non-finite outside the scale range
(`stat_density()`). 
# A tibble: 6 × 7
  SpeciesAuthor       MatrixPopulation MatrixComposite MatrixTreatment StartYear
  <chr>               <chr>            <fct>           <chr>               <dbl>
1 Agrimonia_eupatoria A                Mean            Unmanipulated        1993
2 Agrimonia_eupatoria A                Individual      Unmanipulated        1993
3 Agrimonia_eupatoria A                Individual      Unmanipulated        1994
4 Agrimonia_eupatoria A                Individual      Unmanipulated        1995
5 Agrimonia_eupatoria A                Individual      Unmanipulated        1996
6 Agrimonia_eupatoria A                Individual      Unmanipulated        1997
# ℹ 2 more variables: EndYear <dbl>, MatrixComposite <fct>
Rows: 70 Columns: 9
── Column specification ────────────────────────────────────────────────────────
Delimiter: ","
chr (5): Authors, Journal, SpeciesAccepted, MatrixPopulation, MatrixClassAuthor
dbl (4): YearPublication, MatrixStartYear, MatrixClassNumber, N

ℹ Use `spec()` to retrieve the full column specification for this data.
ℹ Specify the column types or set `show_col_types = FALSE` to quiet this message.
`summarise()` has grouped output by 'SpeciesAccepted', 'MatrixPopulation'. You
can override using the `.groups` argument.
Joining with `by = join_by(SpeciesAccepted, MatrixPopulation, MatrixStartYear)`
Joining with `by = join_by(MatrixPopulation)`
