── Attaching core tidyverse packages ──────────────────────── tidyverse 2.0.0 ──
✔ dplyr     1.1.4     ✔ readr     2.1.5
✔ forcats   1.0.0     ✔ stringr   1.5.1
✔ ggplot2   3.5.2     ✔ tibble    3.2.1
✔ lubridate 1.9.4     ✔ tidyr     1.3.1
✔ purrr     1.0.4     
── Conflicts ────────────────────────────────────────── tidyverse_conflicts() ──
✖ dplyr::filter() masks stats::filter()
✖ dplyr::lag()    masks stats::lag()
ℹ Use the conflicted package (<http://conflicted.r-lib.org/>) to force all conflicts to become errors

Attaching package: ‘gridExtra’

The following object is masked from ‘package:dplyr’:

    combine

This is COMPADRE version X.X.X (release date Nov_22_2017)
See user agreement at https://compadre-db.org/Help/UserAgreement
See how to cite with `citation(Rcompadre)`

[1] "Juvenile"     "Vegetative"   "Reproductive" "Juvenile"    
# A tibble: 6 × 5
  par                                  med    low    upp  value
  <fct>                              <dbl>  <dbl>  <dbl>  <dbl>
1 Pop.~growth~rate~(italic(lambda))  0.942  0.828  1.01   0.956
2 Damping~ratio~(italic(rho))        1.46   1.11   2.17   1.31 
3 Repro.~value~(Veg.)                2.74   0.800 13.8   NA    
4 Elasticity                         0.335  0.135  0.553 NA    
5 Generation~time~(italic(T))       25.5   15.1   60.8   31.5  
6 Life~expectancy~(italic(l[0]))     6.80   3.51  17.7    7.84 
